// Jest Snapshot v1, https://goo.gl/fbAQLP

exports[`/profile/profile/:regionId/:realmId/:profileId (Redis disabled) returns correct response 1`] = `"{\\"status\\":200,\\"data\\":{\\"summary\\":{\\"id\\":\\"\\",\\"displayName\\":\\"sample profile object\\",\\"clanName\\":\\"\\",\\"clanTag\\":\\"\\",\\"portrait\\":\\"\\",\\"decalTerran\\":\\"\\",\\"decalProtoss\\":\\"\\",\\"decalZerg\\":\\"\\",\\"totalSwarmLevel\\":\\"\\",\\"totalAchievementPoints\\":\\"\\"}}}"`;

exports[`/profile/profile/:regionId/:realmId/:profileId (Redis disabled) returns correct response when refresh is set to true 1`] = `"{\\"status\\":200,\\"data\\":{\\"summary\\":{\\"id\\":\\"\\",\\"displayName\\":\\"sample profile object\\",\\"clanName\\":\\"\\",\\"clanTag\\":\\"\\",\\"portrait\\":\\"\\",\\"decalTerran\\":\\"\\",\\"decalProtoss\\":\\"\\",\\"decalZerg\\":\\"\\",\\"totalSwarmLevel\\":\\"\\",\\"totalAchievementPoints\\":\\"\\"}}}"`;
