// Jest Snapshot v1, https://goo.gl/fbAQLP

exports[`/legacy/ladders/:regionId/:realmId/:profileId (Redis enabled) response is cached correctly 1`] = `"{\\"status\\":200,\\"data\\":{\\"currentSeason\\":[{\\"ladder\\":\\"sample legacy ladders object\\"}]}}"`;

exports[`/legacy/ladders/:regionId/:realmId/:profileId (Redis enabled) returns correct response 1`] = `"{\\"status\\":200,\\"data\\":{\\"currentSeason\\":[{\\"ladder\\":[{\\"ladderName\\":\\"\\",\\"ladderId\\":\\"\\",\\"division\\":\\"\\",\\"rank\\":\\"\\",\\"wins\\":\\"\\",\\"losses\\":\\"\\"},{\\"ladderName\\":\\"\\",\\"ladderId\\":\\"\\",\\"division\\":\\"\\",\\"rank\\":\\"\\",\\"wins\\":\\"\\",\\"losses\\":\\"\\"},{\\"ladderName\\":\\"\\",\\"ladderId\\":\\"\\",\\"division\\":\\"\\",\\"rank\\":\\"\\",\\"wins\\":\\"\\",\\"losses\\":\\"\\"},{\\"ladderName\\":\\"\\",\\"ladderId\\":\\"\\",\\"division\\":\\"\\",\\"rank\\":\\"\\",\\"wins\\":\\"\\",\\"losses\\":\\"\\"},{\\"ladderName\\":\\"\\",\\"ladderId\\":\\"\\",\\"division\\":\\"\\",\\"rank\\":\\"\\",\\"wins\\":\\"\\",\\"losses\\":\\"\\"},{\\"ladderName\\":\\"\\",\\"ladderId\\":\\"\\",\\"division\\":\\"\\",\\"rank\\":\\"\\",\\"wins\\":\\"\\",\\"losses\\":\\"\\"},{\\"ladderName\\":\\"\\",\\"ladderId\\":\\"\\",\\"division\\":\\"\\",\\"rank\\":\\"\\",\\"wins\\":\\"\\",\\"losses\\":\\"\\"},{\\"ladderName\\":\\"\\",\\"ladderId\\":\\"\\",\\"division\\":\\"\\",\\"rank\\":\\"\\",\\"wins\\":\\"\\",\\"losses\\":\\"\\"},{\\"ladderName\\":\\"\\",\\"ladderId\\":\\"\\",\\"division\\":\\"\\",\\"rank\\":\\"\\",\\"wins\\":\\"\\",\\"losses\\":\\"\\"},{\\"ladderName\\":\\"\\",\\"ladderId\\":\\"\\",\\"division\\":\\"\\",\\"rank\\":\\"\\",\\"wins\\":\\"\\",\\"losses\\":\\"\\"},{\\"ladderName\\":\\"\\",\\"ladderId\\":\\"\\",\\"division\\":\\"\\",\\"rank\\":\\"\\",\\"wins\\":\\"\\",\\"losses\\":\\"\\"},{\\"ladderName\\":\\"\\",\\"ladderId\\":\\"\\",\\"division\\":\\"\\",\\"rank\\":\\"\\",\\"wins\\":\\"\\",\\"losses\\":\\"\\"},{\\"ladderName\\":\\"\\",\\"ladderId\\":\\"\\",\\"division\\":\\"\\",\\"rank\\":\\"\\",\\"wins\\":\\"\\",\\"losses\\":\\"\\"},{\\"ladderName\\":\\"\\",\\"ladderId\\":\\"\\",\\"division\\":\\"\\",\\"rank\\":\\"\\",\\"wins\\":\\"\\",\\"losses\\":\\"\\"},{\\"ladderName\\":\\"\\",\\"ladderId\\":\\"\\",\\"division\\":\\"\\",\\"rank\\":\\"\\",\\"wins\\":\\"\\",\\"losses\\":\\"\\"},{\\"ladderName\\":\\"\\",\\"ladderId\\":\\"\\",\\"division\\":\\"\\",\\"rank\\":\\"\\",\\"wins\\":\\"\\",\\"losses\\":\\"\\"},{\\"ladderName\\":\\"\\",\\"ladderId\\":\\"\\",\\"division\\":\\"\\",\\"rank\\":\\"\\",\\"wins\\":\\"\\",\\"losses\\":\\"\\"},{\\"ladderName\\":\\"\\",\\"ladderId\\":\\"\\",\\"division\\":\\"\\",\\"rank\\":\\"\\",\\"wins\\":\\"\\",\\"losses\\":\\"\\"},{\\"ladderName\\":\\"\\",\\"ladderId\\":\\"\\",\\"division\\":\\"\\",\\"rank\\":\\"\\",\\"wins\\":\\"\\",\\"losses\\":\\"\\"},{\\"ladderName\\":\\"\\",\\"ladderId\\":\\"\\",\\"division\\":\\"\\",\\"rank\\":\\"\\",\\"wins\\":\\"\\",\\"losses\\":\\"\\"},{\\"ladderName\\":\\"\\",\\"ladderId\\":\\"\\",\\"division\\":\\"\\",\\"rank\\":\\"\\",\\"wins\\":\\"\\",\\"losses\\":\\"\\"},{\\"ladderName\\":\\"\\",\\"ladderId\\":\\"\\",\\"division\\":\\"\\",\\"rank\\":\\"\\",\\"wins\\":\\"\\",\\"losses\\":\\"\\"},{\\"ladderName\\":\\"\\",\\"ladderId\\":\\"\\",\\"division\\":\\"\\",\\"rank\\":\\"\\",\\"wins\\":\\"\\",\\"losses\\":\\"\\"},{\\"ladderName\\":\\"\\",\\"ladderId\\":\\"\\",\\"division\\":\\"\\",\\"rank\\":\\"\\",\\"wins\\":\\"\\",\\"losses\\":\\"\\"},{\\"ladderName\\":\\"\\",\\"ladderId\\":\\"\\",\\"division\\":\\"\\",\\"rank\\":\\"\\",\\"wins\\":\\"\\",\\"losses\\":\\"\\"},{\\"ladderName\\":\\"\\",\\"ladderId\\":\\"\\",\\"division\\":\\"\\",\\"rank\\":\\"\\",\\"wins\\":\\"\\",\\"losses\\":\\"\\"},{\\"ladderName\\":\\"\\",\\"ladderId\\":\\"\\",\\"division\\":\\"\\",\\"rank\\":\\"\\",\\"wins\\":\\"\\",\\"losses\\":\\"\\"},{\\"ladderName\\":\\"\\",\\"ladderId\\":\\"\\",\\"division\\":\\"\\",\\"rank\\":\\"\\",\\"wins\\":\\"\\",\\"losses\\":\\"\\"}]}]}}"`;
